#-----------------------------------------------------------
# Webtalk v2020.1 (64-bit)
# SW Build 2902540 on Wed May 27 19:54:49 MDT 2020
# IP Build 2902112 on Wed May 27 22:43:36 MDT 2020
# Start of session at: Mon Feb 24 16:16:14 2025
# Process ID: 22732
# Current directory: C:/Users/rebec/Desktop/Spacelab/brave/walker/testbenchs/shifter/shifter.sim/sim_1/behav/xsim
# Command line: wbtcv.exe -mode batch -source C:/Users/rebec/Desktop/Spacelab/brave/walker/testbenchs/shifter/shifter.sim/sim_1/behav/xsim/xsim.dir/shifter_tb_behav/webtalk/xsim_webtalk.tcl -notrace
# Log file: C:/Users/rebec/Desktop/Spacelab/brave/walker/testbenchs/shifter/shifter.sim/sim_1/behav/xsim/webtalk.log
# Journal file: C:/Users/rebec/Desktop/Spacelab/brave/walker/testbenchs/shifter/shifter.sim/sim_1/behav/xsim\webtalk.jou
#-----------------------------------------------------------
source C:/Users/rebec/Desktop/Spacelab/brave/walker/testbenchs/shifter/shifter.sim/sim_1/behav/xsim/xsim.dir/shifter_tb_behav/webtalk/xsim_webtalk.tcl -notrace
